2026-02-12 16:37:09,277 - WARNING - Não classificado: '1 ano - English (1).pdf' - Motivo: Kit não identificado
2026-02-12 16:37:09,277 - WARNING - Não classificado: '1 ano - English.pdf' - Motivo: Kit não identificado
2026-02-12 16:37:09,360 - WARNING - Não classificado: '1 ano - Oficina das Emoções (1).pdf' - Motivo: Kit não identificado
2026-02-12 16:37:09,360 - WARNING - Não classificado: '1 ano - Oficina das Emoções.pdf' - Motivo: Kit não identificado
2026-02-12 16:37:09,485 - WARNING - Não classificado: '2 ano - English (1).pdf' - Motivo: Kit não identificado
2026-02-12 16:37:09,486 - WARNING - Não classificado: '2 ano - English (2).pdf' - Motivo: Kit não identificado
2026-02-12 16:37:09,486 - WARNING - Não classificado: '2 ano - English (3).pdf' - Motivo: Kit não identificado
2026-02-12 16:37:09,486 - WARNING - Não classificado: '2 ano - English.pdf' - Motivo: Kit não identificado
2026-02-12 16:37:09,547 - WARNING - Não classificado: '2 ano - Oficina das Emoções (1).pdf' - Motivo: Kit não identificado
2026-02-12 16:37:09,547 - WARNING - Não classificado: '2 ano - Oficina das Emoções.pdf' - Motivo: Kit não identificado
2026-02-12 16:37:09,656 - WARNING - Não classificado: '3 ano - English (1).pdf' - Motivo: Kit não identificado
2026-02-12 16:37:09,656 - WARNING - Não classificado: '3 ano - English (2).pdf' - Motivo: Kit não identificado
2026-02-12 16:37:09,656 - WARNING - Não classificado: '3 ano - English.pdf' - Motivo: Kit não identificado
2026-02-12 16:37:09,693 - WARNING - Não classificado: '3 ano - Oficina das Emoções (1).pdf' - Motivo: Kit não identificado
2026-02-12 16:37:09,693 - WARNING - Não classificado: '3 ano - Oficina das Emoções.pdf' - Motivo: Kit não identificado
2026-02-12 16:37:09,974 - WARNING - Não classificado: '4 ano - English (1).pdf' - Motivo: Kit não identificado
2026-02-12 16:37:09,974 - WARNING - Não classificado: '4 ano - English (2).pdf' - Motivo: Kit não identificado
2026-02-12 16:37:09,975 - WARNING - Não classificado: '4 ano - English.pdf' - Motivo: Kit não identificado
2026-02-12 16:37:10,077 - WARNING - Não classificado: '4 ano - Oficina das Emoções (1).pdf' - Motivo: Kit não identificado
2026-02-12 16:37:10,077 - WARNING - Não classificado: '4 ano - Oficina das Emoções.pdf' - Motivo: Kit não identificado
2026-02-12 16:37:10,259 - WARNING - Não classificado: '4 anos - Oficina das Emoções (1).pdf' - Motivo: Kit não identificado
2026-02-12 16:37:10,260 - WARNING - Não classificado: '4 anos - Oficina das Emoções (2).pdf' - Motivo: Kit não identificado
2026-02-12 16:37:10,260 - WARNING - Não classificado: '4 anos - Oficina das Emoções.pdf' - Motivo: Kit não identificado
2026-02-12 16:37:10,507 - WARNING - Não classificado: '5 ano - English (1).pdf' - Motivo: Kit não identificado
2026-02-12 16:37:10,508 - WARNING - Não classificado: '5 ano - English.pdf' - Motivo: Kit não identificado
2026-02-12 16:37:10,565 - WARNING - Não classificado: '5 ano - Oficina das Emoções (1).pdf' - Motivo: Kit não identificado
2026-02-12 16:37:10,565 - WARNING - Não classificado: '5 ano - Oficina das Emoções.pdf' - Motivo: Kit não identificado
2026-02-12 16:37:10,662 - WARNING - Não classificado: '5 anos - English (1).pdf' - Motivo: Kit não identificado
2026-02-12 16:37:10,662 - WARNING - Não classificado: '5 anos - English (2).pdf' - Motivo: Kit não identificado
2026-02-12 16:37:10,663 - WARNING - Não classificado: '5 anos - English.pdf' - Motivo: Kit não identificado
2026-02-12 16:37:10,713 - WARNING - Não classificado: '5 anos - Oficina das Emoções (1).pdf' - Motivo: Kit não identificado
2026-02-12 16:37:10,714 - WARNING - Não classificado: '5 anos - Oficina das Emoções.pdf' - Motivo: Kit não identificado
2026-02-12 16:37:10,729 - WARNING - Não classificado: '6 ano - Atlas Geográfico (1).pdf' - Motivo: Kit não identificado
2026-02-12 16:37:10,730 - WARNING - Não classificado: '6 ano - Atlas Geográfico.pdf' - Motivo: Kit não identificado
2026-02-12 16:37:10,783 - WARNING - Não classificado: '6 ano - Educação Física (1).pdf' - Motivo: Kit não identificado
2026-02-12 16:37:10,783 - WARNING - Não classificado: '6 ano - Educação Física (2).pdf' - Motivo: Kit não identificado
2026-02-12 16:37:10,783 - WARNING - Não classificado: '6 ano - Educação Física (3).pdf' - Motivo: Kit não identificado
2026-02-12 16:37:10,784 - WARNING - Não classificado: '6 ano - Educação Física (4).pdf' - Motivo: Kit não identificado
2026-02-12 16:37:10,784 - WARNING - Não classificado: '6 ano - Educação Física (5).pdf' - Motivo: Kit não identificado
2026-02-12 16:37:10,784 - WARNING - Não classificado: '6 ano - Educação Física (6).pdf' - Motivo: Kit não identificado
2026-02-12 16:37:10,784 - WARNING - Não classificado: '6 ano - Educação Física.pdf' - Motivo: Kit não identificado
2026-02-12 16:37:10,784 - WARNING - Não classificado: '6 ano - Empreendedorismo e Finanças (1).pdf' - Motivo: Kit não identificado
2026-02-12 16:37:10,784 - WARNING - Não classificado: '6 ano - Empreendedorismo e Finanças (2).pdf' - Motivo: Kit não identificado
2026-02-12 16:37:10,785 - WARNING - Não classificado: '6 ano - Empreendedorismo e Finanças.pdf' - Motivo: Kit não identificado
2026-02-12 16:37:10,785 - WARNING - Não classificado: '6 ano - Espanhol (1).pdf' - Motivo: Kit não identificado
2026-02-12 16:37:10,785 - WARNING - Não classificado: '6 ano - Espanhol (2).pdf' - Motivo: Kit não identificado
2026-02-12 16:37:10,785 - WARNING - Não classificado: '6 ano - Espanhol (3).pdf' - Motivo: Kit não identificado
2026-02-12 16:37:10,785 - WARNING - Não classificado: '6 ano - Espanhol.pdf' - Motivo: Kit não identificado
2026-02-12 16:37:10,949 - WARNING - Não classificado: '6 ano - Gêneros Leitura e Análise (1).pdf' - Motivo: Kit não identificado
2026-02-12 16:37:10,950 - WARNING - Não classificado: '6 ano - Gêneros Leitura e Análise.pdf' - Motivo: Kit não identificado
2026-02-12 16:37:10,950 - WARNING - Não classificado: '6 ano - GênerosLeitura e Análise - 2025 (1).pdf' - Motivo: Kit não identificado
2026-02-12 16:37:10,950 - WARNING - Não classificado: '6 ano - GênerosLeitura e Análise - 2025 (2).pdf' - Motivo: Kit não identificado
2026-02-12 16:37:10,950 - WARNING - Não classificado: '6 ano - GênerosLeitura e Análise - 2025.pdf' - Motivo: Kit não identificado
2026-02-12 16:37:10,977 - WARNING - Não classificado: '6 ano - Informação para quê.pdf' - Motivo: Kit não identificado
2026-02-12 16:37:11,106 - WARNING - Não classificado: '6 ano - Povos da Antiguidade na África indo além do Egito.pdf' - Motivo: Kit não identificado
2026-02-12 16:37:11,108 - WARNING - Não classificado: '6 ano - Recursos hídricos brasileiros conhecer para preservar.pdf' - Motivo: Kit não identificado
2026-02-12 16:37:11,108 - WARNING - Não classificado: '6 ano - Religião em diálogo (1).pdf' - Motivo: Kit não identificado
2026-02-12 16:37:11,108 - WARNING - Não classificado: '6 ano - Religião em diálogo (2).pdf' - Motivo: Kit não identificado
2026-02-12 16:37:11,108 - WARNING - Não classificado: '6 ano - Religião em diálogo (3).pdf' - Motivo: Kit não identificado
2026-02-12 16:37:11,108 - WARNING - Não classificado: '6 ano - Religião em diálogo (4).pdf' - Motivo: Kit não identificado
2026-02-12 16:37:11,109 - WARNING - Não classificado: '6 ano - Religião em diálogo.pdf' - Motivo: Kit não identificado
2026-02-12 16:37:11,109 - WARNING - Não classificado: '6 ano - Sentindo o mundo.pdf' - Motivo: Kit não identificado
2026-02-12 16:37:11,109 - WARNING - Não classificado: '6 ano - Trabalho construção de mundos e de sentidos.pdf' - Motivo: Kit não identificado
2026-02-12 16:37:11,109 - WARNING - Não classificado: '7 ano - A informação aqui e no mundo - LP.pdf' - Motivo: Kit não identificado
2026-02-12 16:37:11,118 - WARNING - Não classificado: '7 ano - Atlas Geográfico (1).pdf' - Motivo: Kit não identificado
2026-02-12 16:37:11,118 - WARNING - Não classificado: '7 ano - Atlas Geográfico.pdf' - Motivo: Kit não identificado
2026-02-12 16:37:11,119 - WARNING - Não classificado: '7 ano - Brasil controverso identidades diferenças e desigualdades.pdf' - Motivo: Kit não identificado
2026-02-12 16:37:11,264 - WARNING - Não classificado: '7 ano - Educação Física (1).pdf' - Motivo: Kit não identificado
2026-02-12 16:37:11,265 - WARNING - Não classificado: '7 ano - Educação Física (2).pdf' - Motivo: Kit não identificado
2026-02-12 16:37:11,265 - WARNING - Não classificado: '7 ano - Educação Física (3).pdf' - Motivo: Kit não identificado
2026-02-12 16:37:11,265 - WARNING - Não classificado: '7 ano - Educação Física (4).pdf' - Motivo: Kit não identificado
2026-02-12 16:37:11,265 - WARNING - Não classificado: '7 ano - Educação Física (5).pdf' - Motivo: Kit não identificado
2026-02-12 16:37:11,265 - WARNING - Não classificado: '7 ano - Educação Física (6).pdf' - Motivo: Kit não identificado
2026-02-12 16:37:11,266 - WARNING - Não classificado: '7 ano - Educação Física.pdf' - Motivo: Kit não identificado
2026-02-12 16:37:11,266 - WARNING - Não classificado: '7 ano - Empreendedorismo e Finanças (1).pdf' - Motivo: Kit não identificado
2026-02-12 16:37:11,266 - WARNING - Não classificado: '7 ano - Empreendedorismo e Finanças (2).pdf' - Motivo: Kit não identificado
2026-02-12 16:37:11,266 - WARNING - Não classificado: '7 ano - Empreendedorismo e Finanças.pdf' - Motivo: Kit não identificado
2026-02-12 16:37:11,266 - WARNING - Não classificado: '7 ano - Escravidão moderna continuidades e rupturas no contexto brasileiro.pdf' - Motivo: Kit não identificado
2026-02-12 16:37:11,266 - WARNING - Não classificado: '7 ano - Espanhol (1).pdf' - Motivo: Kit não identificado
2026-02-12 16:37:11,267 - WARNING - Não classificado: '7 ano - Espanhol (2).pdf' - Motivo: Kit não identificado
2026-02-12 16:37:11,267 - WARNING - Não classificado: '7 ano - Espanhol (3).pdf' - Motivo: Kit não identificado
2026-02-12 16:37:11,267 - WARNING - Não classificado: '7 ano - Espanhol.pdf' - Motivo: Kit não identificado
2026-02-12 16:37:11,409 - WARNING - Não classificado: '7 ano - Gêneros Leitura e Análise (1).pdf' - Motivo: Kit não identificado
2026-02-12 16:37:11,409 - WARNING - Não classificado: '7 ano - Gêneros Leitura e Análise.pdf' - Motivo: Kit não identificado
2026-02-12 16:37:11,409 - WARNING - Não classificado: '7 ano - GênerosLeitura e Análise - 2025 (1).pdf' - Motivo: Kit não identificado
2026-02-12 16:37:11,410 - WARNING - Não classificado: '7 ano - GênerosLeitura e Análise - 2025 (2).pdf' - Motivo: Kit não identificado
2026-02-12 16:37:11,410 - WARNING - Não classificado: '7 ano - GênerosLeitura e Análise - 2025.pdf' - Motivo: Kit não identificado
2026-02-12 16:37:11,494 - WARNING - Não classificado: '7 ano - Intolerância Religiosa o que é e de onde vem.pdf' - Motivo: Kit não identificado
2026-02-12 16:37:11,593 - WARNING - Não classificado: '7 ano - Megacartografia a evolução das diversas formas de representação do espaço.pdf' - Motivo: Kit não identificado
2026-02-12 16:37:11,593 - WARNING - Não classificado: '7 ano - O incrível mundo dos procariontes.pdf' - Motivo: Kit não identificado
2026-02-12 16:37:11,599 - WARNING - Não classificado: '7 ano - Religião em diálogo (1).pdf' - Motivo: Kit não identificado
2026-02-12 16:37:11,600 - WARNING - Não classificado: '7 ano - Religião em diálogo (2).pdf' - Motivo: Kit não identificado
2026-02-12 16:37:11,600 - WARNING - Não classificado: '7 ano - Religião em diálogo (3).pdf' - Motivo: Kit não identificado
2026-02-12 16:37:11,600 - WARNING - Não classificado: '7 ano - Religião em diálogo (4).pdf' - Motivo: Kit não identificado
2026-02-12 16:37:11,600 - WARNING - Não classificado: '7 ano - Religião em diálogo.pdf' - Motivo: Kit não identificado
2026-02-12 16:37:11,600 - WARNING - Não classificado: '7 ano - Às margens da influência a publicidade e o jornalismo dizem quem é você.pdf' - Motivo: Kit não identificado
2026-02-12 16:37:11,601 - WARNING - Não classificado: '8 ano - Agricultura meio ambiente e sustentabilidade - LP.pdf' - Motivo: Kit não identificado
2026-02-12 16:37:11,601 - WARNING - Não classificado: '8 ano - Além do horizonte migrantes pelo Brasil e pelo mundo.pdf' - Motivo: Kit não identificado
2026-02-12 16:37:11,609 - WARNING - Não classificado: '8 ano - Atlas Geográfico (1).pdf' - Motivo: Kit não identificado
2026-02-12 16:37:11,609 - WARNING - Não classificado: '8 ano - Atlas Geográfico (2).pdf' - Motivo: Kit não identificado
2026-02-12 16:37:11,610 - WARNING - Não classificado: '8 ano - Atlas Geográfico.pdf' - Motivo: Kit não identificado
2026-02-12 16:37:11,706 - WARNING - Não classificado: '8 ano - Educação Física (1).pdf' - Motivo: Kit não identificado
2026-02-12 16:37:11,707 - WARNING - Não classificado: '8 ano - Educação Física (2).pdf' - Motivo: Kit não identificado
2026-02-12 16:37:11,707 - WARNING - Não classificado: '8 ano - Educação Física (3).pdf' - Motivo: Kit não identificado
2026-02-12 16:37:11,707 - WARNING - Não classificado: '8 ano - Educação Física (4).pdf' - Motivo: Kit não identificado
2026-02-12 16:37:11,707 - WARNING - Não classificado: '8 ano - Educação Física (5).pdf' - Motivo: Kit não identificado
2026-02-12 16:37:11,707 - WARNING - Não classificado: '8 ano - Educação Física (6).pdf' - Motivo: Kit não identificado
2026-02-12 16:37:11,708 - WARNING - Não classificado: '8 ano - Educação Física.pdf' - Motivo: Kit não identificado
2026-02-12 16:37:11,708 - WARNING - Não classificado: '8 ano - Empreendedorismo e Finanças (1).pdf' - Motivo: Kit não identificado
2026-02-12 16:37:11,708 - WARNING - Não classificado: '8 ano - Empreendedorismo e Finanças (2).pdf' - Motivo: Kit não identificado
2026-02-12 16:37:11,708 - WARNING - Não classificado: '8 ano - Empreendedorismo e Finanças.pdf' - Motivo: Kit não identificado
2026-02-12 16:37:11,708 - WARNING - Não classificado: '8 ano - Espanhol (1).pdf' - Motivo: Kit não identificado
2026-02-12 16:37:11,708 - WARNING - Não classificado: '8 ano - Espanhol (2).pdf' - Motivo: Kit não identificado
2026-02-12 16:37:11,709 - WARNING - Não classificado: '8 ano - Espanhol (3).pdf' - Motivo: Kit não identificado
2026-02-12 16:37:11,709 - WARNING - Não classificado: '8 ano - Espanhol.pdf' - Motivo: Kit não identificado
2026-02-12 16:37:11,709 - WARNING - Não classificado: '8 ano - Extra extra um guia para o seu jornal escolar.pdf' - Motivo: Kit não identificado
2026-02-12 16:37:11,937 - WARNING - Não classificado: '8 ano - Gêneros Leitura e Análise (1).pdf' - Motivo: Kit não identificado
2026-02-12 16:37:11,937 - WARNING - Não classificado: '8 ano - Gêneros Leitura e Análise (2).pdf' - Motivo: Kit não identificado
2026-02-12 16:37:11,938 - WARNING - Não classificado: '8 ano - Gêneros Leitura e Análise (3).pdf' - Motivo: Kit não identificado
2026-02-12 16:37:11,938 - WARNING - Não classificado: '8 ano - Gêneros Leitura e Análise.pdf' - Motivo: Kit não identificado
2026-02-12 16:37:12,123 - WARNING - Não classificado: '8 ano - Movimentos contestatórios no império - LP.pdf' - Motivo: Kit não identificado
2026-02-12 16:37:12,123 - WARNING - Não classificado: '8 ano - Nas curvas do futuro utopias e revoluções.pdf' - Motivo: Kit não identificado
2026-02-12 16:37:12,126 - WARNING - Não classificado: '8 ano - Religião em diálogo (1).pdf' - Motivo: Kit não identificado
2026-02-12 16:37:12,126 - WARNING - Não classificado: '8 ano - Religião em diálogo (2).pdf' - Motivo: Kit não identificado
2026-02-12 16:37:12,127 - WARNING - Não classificado: '8 ano - Religião em diálogo (3).pdf' - Motivo: Kit não identificado
2026-02-12 16:37:12,127 - WARNING - Não classificado: '8 ano - Religião em diálogo (4).pdf' - Motivo: Kit não identificado
2026-02-12 16:37:12,127 - WARNING - Não classificado: '8 ano - Religião em diálogo.pdf' - Motivo: Kit não identificado
2026-02-12 16:37:12,127 - WARNING - Não classificado: '8 ano - Reprodução.pdf' - Motivo: Kit não identificado
2026-02-12 16:37:12,128 - WARNING - Não classificado: '8 ano - Às margens do agir responsabilidade comunicativa e ativismo digital.pdf' - Motivo: Kit não identificado
2026-02-12 16:37:12,136 - WARNING - Não classificado: '9 ano - Atlas Geográfico.pdf' - Motivo: Kit não identificado
2026-02-12 16:37:12,187 - WARNING - Não classificado: '9 ano - Educação Física (1).pdf' - Motivo: Kit não identificado
2026-02-12 16:37:12,187 - WARNING - Não classificado: '9 ano - Educação Física (2).pdf' - Motivo: Kit não identificado
2026-02-12 16:37:12,187 - WARNING - Não classificado: '9 ano - Educação Física (3).pdf' - Motivo: Kit não identificado
2026-02-12 16:37:12,188 - WARNING - Não classificado: '9 ano - Educação Física (4).pdf' - Motivo: Kit não identificado
2026-02-12 16:37:12,188 - WARNING - Não classificado: '9 ano - Educação Física (5).pdf' - Motivo: Kit não identificado
2026-02-12 16:37:12,188 - WARNING - Não classificado: '9 ano - Educação Física (6).pdf' - Motivo: Kit não identificado
2026-02-12 16:37:12,188 - WARNING - Não classificado: '9 ano - Educação Física (7).pdf' - Motivo: Kit não identificado
2026-02-12 16:37:12,188 - WARNING - Não classificado: '9 ano - Educação Física.pdf' - Motivo: Kit não identificado
2026-02-12 16:37:12,188 - WARNING - Não classificado: '9 ano - Empreendedorismo e Finanças (1).pdf' - Motivo: Kit não identificado
2026-02-12 16:37:12,189 - WARNING - Não classificado: '9 ano - Empreendedorismo e Finanças.pdf' - Motivo: Kit não identificado
2026-02-12 16:37:12,189 - WARNING - Não classificado: '9 ano - Espanhol (1).pdf' - Motivo: Kit não identificado
2026-02-12 16:37:12,189 - WARNING - Não classificado: '9 ano - Espanhol (2).pdf' - Motivo: Kit não identificado
2026-02-12 16:37:12,189 - WARNING - Não classificado: '9 ano - Espanhol (3).pdf' - Motivo: Kit não identificado
2026-02-12 16:37:12,189 - WARNING - Não classificado: '9 ano - Espanhol.pdf' - Motivo: Kit não identificado
2026-02-12 16:37:12,229 - WARNING - Não classificado: '9 ano - Gêneros Leitura e Análise (1).pdf' - Motivo: Kit não identificado
2026-02-12 16:37:12,229 - WARNING - Não classificado: '9 ano - Gêneros Leitura e Análise (2).pdf' - Motivo: Kit não identificado
2026-02-12 16:37:12,229 - WARNING - Não classificado: '9 ano - Gêneros Leitura e Análise.pdf' - Motivo: Kit não identificado
2026-02-12 16:37:12,230 - WARNING - Não classificado: '9 ano - GênerosLeitura e Análise.pdf' - Motivo: Kit não identificado
2026-02-12 16:37:12,243 - WARNING - Não classificado: '9 ano - Labuta no Brasil do século XX - LP.pdf' - Motivo: Kit não identificado
2026-02-12 16:37:12,366 - WARNING - Não classificado: '9 ano - Manual de Experiências.pdf' - Motivo: Kit não identificado
2026-02-12 16:37:12,546 - WARNING - Não classificado: '9 ano - Para além das fábricas trabalho modelos econômicos e sociedade - LP.pdf' - Motivo: Kit não identificado
2026-02-12 16:37:12,548 - WARNING - Não classificado: '9 ano - Religião em diálogo (1).pdf' - Motivo: Kit não identificado
2026-02-12 16:37:12,548 - WARNING - Não classificado: '9 ano - Religião em diálogo (2).pdf' - Motivo: Kit não identificado
2026-02-12 16:37:12,548 - WARNING - Não classificado: '9 ano - Religião em diálogo (3).pdf' - Motivo: Kit não identificado
2026-02-12 16:37:12,549 - WARNING - Não classificado: '9 ano - Religião em diálogo (4).pdf' - Motivo: Kit não identificado
2026-02-12 16:37:12,549 - WARNING - Não classificado: '9 ano - Religião em diálogo.pdf' - Motivo: Kit não identificado
2026-02-12 16:37:12,549 - WARNING - Não classificado: '9 ano - Sem fronteiras faces de um mundo globalizado.pdf' - Motivo: Kit não identificado
2026-02-12 16:37:12,549 - WARNING - Não classificado: '9 ano - Às margens do sentir a mídia e a compreensão do outro.pdf' - Motivo: Kit não identificado
2026-02-12 16:38:53,609 - WARNING - Não classificado: '1 ano - Oficina das Emoções (1).pdf' - Motivo: Kit não identificado
2026-02-12 16:38:53,610 - WARNING - Não classificado: '1 ano - Oficina das Emoções.pdf' - Motivo: Kit não identificado
2026-02-12 16:38:53,614 - WARNING - Não classificado: '2 ano - Oficina das Emoções (1).pdf' - Motivo: Kit não identificado
2026-02-12 16:38:53,614 - WARNING - Não classificado: '2 ano - Oficina das Emoções.pdf' - Motivo: Kit não identificado
2026-02-12 16:38:53,619 - WARNING - Não classificado: '3 ano - Oficina das Emoções (1).pdf' - Motivo: Kit não identificado
2026-02-12 16:38:53,619 - WARNING - Não classificado: '3 ano - Oficina das Emoções.pdf' - Motivo: Kit não identificado
2026-02-12 16:38:53,622 - WARNING - Não classificado: '4 ano - Oficina das Emoções (1).pdf' - Motivo: Kit não identificado
2026-02-12 16:38:53,622 - WARNING - Não classificado: '4 ano - Oficina das Emoções.pdf' - Motivo: Kit não identificado
2026-02-12 16:38:53,623 - WARNING - Não classificado: '4 anos - Oficina das Emoções (1).pdf' - Motivo: Kit não identificado
2026-02-12 16:38:53,623 - WARNING - Não classificado: '4 anos - Oficina das Emoções (2).pdf' - Motivo: Kit não identificado
2026-02-12 16:38:53,623 - WARNING - Não classificado: '4 anos - Oficina das Emoções.pdf' - Motivo: Kit não identificado
2026-02-12 16:38:53,625 - WARNING - Não classificado: '5 ano - Oficina das Emoções (1).pdf' - Motivo: Kit não identificado
2026-02-12 16:38:53,625 - WARNING - Não classificado: '5 ano - Oficina das Emoções.pdf' - Motivo: Kit não identificado
2026-02-12 16:38:53,628 - WARNING - Não classificado: '5 anos - Oficina das Emoções (1).pdf' - Motivo: Kit não identificado
2026-02-12 16:38:53,628 - WARNING - Não classificado: '5 anos - Oficina das Emoções.pdf' - Motivo: Kit não identificado
2026-02-12 16:38:53,628 - WARNING - Não classificado: '6 ano - Atlas Geográfico (1).pdf' - Motivo: Kit não identificado
2026-02-12 16:38:53,628 - WARNING - Não classificado: '6 ano - Atlas Geográfico.pdf' - Motivo: Kit não identificado
2026-02-12 16:38:53,629 - WARNING - Não classificado: '6 ano - Educação Física (1).pdf' - Motivo: Kit não identificado
2026-02-12 16:38:53,629 - WARNING - Não classificado: '6 ano - Educação Física (2).pdf' - Motivo: Kit não identificado
2026-02-12 16:38:53,629 - WARNING - Não classificado: '6 ano - Educação Física (3).pdf' - Motivo: Kit não identificado
2026-02-12 16:38:53,629 - WARNING - Não classificado: '6 ano - Educação Física (4).pdf' - Motivo: Kit não identificado
2026-02-12 16:38:53,629 - WARNING - Não classificado: '6 ano - Educação Física (5).pdf' - Motivo: Kit não identificado
2026-02-12 16:38:53,630 - WARNING - Não classificado: '6 ano - Educação Física (6).pdf' - Motivo: Kit não identificado
2026-02-12 16:38:53,630 - WARNING - Não classificado: '6 ano - Educação Física.pdf' - Motivo: Kit não identificado
2026-02-12 16:38:53,630 - WARNING - Não classificado: '6 ano - Empreendedorismo e Finanças (1).pdf' - Motivo: Kit não identificado
2026-02-12 16:38:53,630 - WARNING - Não classificado: '6 ano - Empreendedorismo e Finanças (2).pdf' - Motivo: Kit não identificado
2026-02-12 16:38:53,630 - WARNING - Não classificado: '6 ano - Empreendedorismo e Finanças.pdf' - Motivo: Kit não identificado
2026-02-12 16:38:53,630 - WARNING - Não classificado: '6 ano - Espanhol (1).pdf' - Motivo: Kit não identificado
2026-02-12 16:38:53,631 - WARNING - Não classificado: '6 ano - Espanhol (2).pdf' - Motivo: Kit não identificado
2026-02-12 16:38:53,631 - WARNING - Não classificado: '6 ano - Espanhol (3).pdf' - Motivo: Kit não identificado
2026-02-12 16:38:53,632 - WARNING - Não classificado: '6 ano - Espanhol.pdf' - Motivo: Kit não identificado
2026-02-12 16:38:53,632 - WARNING - Não classificado: '6 ano - Gêneros Leitura e Análise (1).pdf' - Motivo: Kit não identificado
2026-02-12 16:38:53,632 - WARNING - Não classificado: '6 ano - Gêneros Leitura e Análise.pdf' - Motivo: Kit não identificado
2026-02-12 16:38:53,633 - WARNING - Não classificado: '6 ano - GênerosLeitura e Análise - 2025 (1).pdf' - Motivo: Kit não identificado
2026-02-12 16:38:53,633 - WARNING - Não classificado: '6 ano - GênerosLeitura e Análise - 2025 (2).pdf' - Motivo: Kit não identificado
2026-02-12 16:38:53,633 - WARNING - Não classificado: '6 ano - GênerosLeitura e Análise - 2025.pdf' - Motivo: Kit não identificado
2026-02-12 16:38:53,633 - WARNING - Não classificado: '6 ano - Informação para quê.pdf' - Motivo: Kit não identificado
2026-02-12 16:38:53,633 - WARNING - Não classificado: '6 ano - Povos da Antiguidade na África indo além do Egito.pdf' - Motivo: Kit não identificado
2026-02-12 16:38:53,634 - WARNING - Não classificado: '6 ano - Recursos hídricos brasileiros conhecer para preservar.pdf' - Motivo: Kit não identificado
2026-02-12 16:38:53,634 - WARNING - Não classificado: '6 ano - Religião em diálogo (1).pdf' - Motivo: Kit não identificado
2026-02-12 16:38:53,634 - WARNING - Não classificado: '6 ano - Religião em diálogo (2).pdf' - Motivo: Kit não identificado
2026-02-12 16:38:53,634 - WARNING - Não classificado: '6 ano - Religião em diálogo (3).pdf' - Motivo: Kit não identificado
2026-02-12 16:38:53,634 - WARNING - Não classificado: '6 ano - Religião em diálogo (4).pdf' - Motivo: Kit não identificado
2026-02-12 16:38:53,634 - WARNING - Não classificado: '6 ano - Religião em diálogo.pdf' - Motivo: Kit não identificado
2026-02-12 16:38:53,635 - WARNING - Não classificado: '6 ano - Sentindo o mundo.pdf' - Motivo: Kit não identificado
2026-02-12 16:38:53,635 - WARNING - Não classificado: '6 ano - Trabalho construção de mundos e de sentidos.pdf' - Motivo: Kit não identificado
2026-02-12 16:38:53,635 - WARNING - Não classificado: '7 ano - A informação aqui e no mundo - LP.pdf' - Motivo: Kit não identificado
2026-02-12 16:38:53,635 - WARNING - Não classificado: '7 ano - Atlas Geográfico (1).pdf' - Motivo: Kit não identificado
2026-02-12 16:38:53,635 - WARNING - Não classificado: '7 ano - Atlas Geográfico.pdf' - Motivo: Kit não identificado
2026-02-12 16:38:53,635 - WARNING - Não classificado: '7 ano - Brasil controverso identidades diferenças e desigualdades.pdf' - Motivo: Kit não identificado
2026-02-12 16:38:53,636 - WARNING - Não classificado: '7 ano - Educação Física (1).pdf' - Motivo: Kit não identificado
2026-02-12 16:38:53,636 - WARNING - Não classificado: '7 ano - Educação Física (2).pdf' - Motivo: Kit não identificado
2026-02-12 16:38:53,636 - WARNING - Não classificado: '7 ano - Educação Física (3).pdf' - Motivo: Kit não identificado
2026-02-12 16:38:53,636 - WARNING - Não classificado: '7 ano - Educação Física (4).pdf' - Motivo: Kit não identificado
2026-02-12 16:38:53,636 - WARNING - Não classificado: '7 ano - Educação Física (5).pdf' - Motivo: Kit não identificado
2026-02-12 16:38:53,636 - WARNING - Não classificado: '7 ano - Educação Física (6).pdf' - Motivo: Kit não identificado
2026-02-12 16:38:53,637 - WARNING - Não classificado: '7 ano - Educação Física.pdf' - Motivo: Kit não identificado
2026-02-12 16:38:53,637 - WARNING - Não classificado: '7 ano - Empreendedorismo e Finanças (1).pdf' - Motivo: Kit não identificado
2026-02-12 16:38:53,637 - WARNING - Não classificado: '7 ano - Empreendedorismo e Finanças (2).pdf' - Motivo: Kit não identificado
2026-02-12 16:38:53,637 - WARNING - Não classificado: '7 ano - Empreendedorismo e Finanças.pdf' - Motivo: Kit não identificado
2026-02-12 16:38:53,637 - WARNING - Não classificado: '7 ano - Escravidão moderna continuidades e rupturas no contexto brasileiro.pdf' - Motivo: Kit não identificado
2026-02-12 16:38:53,637 - WARNING - Não classificado: '7 ano - Espanhol (1).pdf' - Motivo: Kit não identificado
2026-02-12 16:38:53,638 - WARNING - Não classificado: '7 ano - Espanhol (2).pdf' - Motivo: Kit não identificado
2026-02-12 16:38:53,638 - WARNING - Não classificado: '7 ano - Espanhol (3).pdf' - Motivo: Kit não identificado
2026-02-12 16:38:53,638 - WARNING - Não classificado: '7 ano - Espanhol.pdf' - Motivo: Kit não identificado
2026-02-12 16:38:53,639 - WARNING - Não classificado: '7 ano - Gêneros Leitura e Análise (1).pdf' - Motivo: Kit não identificado
2026-02-12 16:38:53,639 - WARNING - Não classificado: '7 ano - Gêneros Leitura e Análise.pdf' - Motivo: Kit não identificado
2026-02-12 16:38:53,639 - WARNING - Não classificado: '7 ano - GênerosLeitura e Análise - 2025 (1).pdf' - Motivo: Kit não identificado
2026-02-12 16:38:53,639 - WARNING - Não classificado: '7 ano - GênerosLeitura e Análise - 2025 (2).pdf' - Motivo: Kit não identificado
2026-02-12 16:38:53,639 - WARNING - Não classificado: '7 ano - GênerosLeitura e Análise - 2025.pdf' - Motivo: Kit não identificado
2026-02-12 16:38:53,640 - WARNING - Não classificado: '7 ano - Intolerância Religiosa o que é e de onde vem.pdf' - Motivo: Kit não identificado
2026-02-12 16:38:53,640 - WARNING - Não classificado: '7 ano - Megacartografia a evolução das diversas formas de representação do espaço.pdf' - Motivo: Kit não identificado
2026-02-12 16:38:53,640 - WARNING - Não classificado: '7 ano - O incrível mundo dos procariontes.pdf' - Motivo: Kit não identificado
2026-02-12 16:38:53,640 - WARNING - Não classificado: '7 ano - Religião em diálogo (1).pdf' - Motivo: Kit não identificado
2026-02-12 16:38:53,640 - WARNING - Não classificado: '7 ano - Religião em diálogo (2).pdf' - Motivo: Kit não identificado
2026-02-12 16:38:53,640 - WARNING - Não classificado: '7 ano - Religião em diálogo (3).pdf' - Motivo: Kit não identificado
2026-02-12 16:38:53,641 - WARNING - Não classificado: '7 ano - Religião em diálogo (4).pdf' - Motivo: Kit não identificado
2026-02-12 16:38:53,641 - WARNING - Não classificado: '7 ano - Religião em diálogo.pdf' - Motivo: Kit não identificado
2026-02-12 16:38:53,641 - WARNING - Não classificado: '7 ano - Às margens da influência a publicidade e o jornalismo dizem quem é você.pdf' - Motivo: Kit não identificado
2026-02-12 16:38:53,641 - WARNING - Não classificado: '8 ano - Agricultura meio ambiente e sustentabilidade - LP.pdf' - Motivo: Kit não identificado
2026-02-12 16:38:53,641 - WARNING - Não classificado: '8 ano - Além do horizonte migrantes pelo Brasil e pelo mundo.pdf' - Motivo: Kit não identificado
2026-02-12 16:38:53,641 - WARNING - Não classificado: '8 ano - Atlas Geográfico (1).pdf' - Motivo: Kit não identificado
2026-02-12 16:38:53,642 - WARNING - Não classificado: '8 ano - Atlas Geográfico (2).pdf' - Motivo: Kit não identificado
2026-02-12 16:38:53,642 - WARNING - Não classificado: '8 ano - Atlas Geográfico.pdf' - Motivo: Kit não identificado
2026-02-12 16:38:53,642 - WARNING - Não classificado: '8 ano - Educação Física (1).pdf' - Motivo: Kit não identificado
2026-02-12 16:38:53,642 - WARNING - Não classificado: '8 ano - Educação Física (2).pdf' - Motivo: Kit não identificado
2026-02-12 16:38:53,642 - WARNING - Não classificado: '8 ano - Educação Física (3).pdf' - Motivo: Kit não identificado
2026-02-12 16:38:53,642 - WARNING - Não classificado: '8 ano - Educação Física (4).pdf' - Motivo: Kit não identificado
2026-02-12 16:38:53,643 - WARNING - Não classificado: '8 ano - Educação Física (5).pdf' - Motivo: Kit não identificado
2026-02-12 16:38:53,643 - WARNING - Não classificado: '8 ano - Educação Física (6).pdf' - Motivo: Kit não identificado
2026-02-12 16:38:53,643 - WARNING - Não classificado: '8 ano - Educação Física.pdf' - Motivo: Kit não identificado
2026-02-12 16:38:53,643 - WARNING - Não classificado: '8 ano - Empreendedorismo e Finanças (1).pdf' - Motivo: Kit não identificado
2026-02-12 16:38:53,643 - WARNING - Não classificado: '8 ano - Empreendedorismo e Finanças (2).pdf' - Motivo: Kit não identificado
2026-02-12 16:38:53,644 - WARNING - Não classificado: '8 ano - Empreendedorismo e Finanças.pdf' - Motivo: Kit não identificado
2026-02-12 16:38:53,644 - WARNING - Não classificado: '8 ano - Espanhol (1).pdf' - Motivo: Kit não identificado
2026-02-12 16:38:53,644 - WARNING - Não classificado: '8 ano - Espanhol (2).pdf' - Motivo: Kit não identificado
2026-02-12 16:38:53,644 - WARNING - Não classificado: '8 ano - Espanhol (3).pdf' - Motivo: Kit não identificado
2026-02-12 16:38:53,644 - WARNING - Não classificado: '8 ano - Espanhol.pdf' - Motivo: Kit não identificado
2026-02-12 16:38:53,645 - WARNING - Não classificado: '8 ano - Extra extra um guia para o seu jornal escolar.pdf' - Motivo: Kit não identificado
2026-02-12 16:38:53,645 - WARNING - Não classificado: '8 ano - Gêneros Leitura e Análise (1).pdf' - Motivo: Kit não identificado
2026-02-12 16:38:53,645 - WARNING - Não classificado: '8 ano - Gêneros Leitura e Análise (2).pdf' - Motivo: Kit não identificado
2026-02-12 16:38:53,645 - WARNING - Não classificado: '8 ano - Gêneros Leitura e Análise (3).pdf' - Motivo: Kit não identificado
2026-02-12 16:38:53,645 - WARNING - Não classificado: '8 ano - Gêneros Leitura e Análise.pdf' - Motivo: Kit não identificado
2026-02-12 16:38:53,645 - WARNING - Não classificado: '8 ano - Movimentos contestatórios no império - LP.pdf' - Motivo: Kit não identificado
2026-02-12 16:38:53,646 - WARNING - Não classificado: '8 ano - Nas curvas do futuro utopias e revoluções.pdf' - Motivo: Kit não identificado
2026-02-12 16:38:53,646 - WARNING - Não classificado: '8 ano - Religião em diálogo (1).pdf' - Motivo: Kit não identificado
2026-02-12 16:38:53,646 - WARNING - Não classificado: '8 ano - Religião em diálogo (2).pdf' - Motivo: Kit não identificado
2026-02-12 16:38:53,646 - WARNING - Não classificado: '8 ano - Religião em diálogo (3).pdf' - Motivo: Kit não identificado
2026-02-12 16:38:53,646 - WARNING - Não classificado: '8 ano - Religião em diálogo (4).pdf' - Motivo: Kit não identificado
2026-02-12 16:38:53,646 - WARNING - Não classificado: '8 ano - Religião em diálogo.pdf' - Motivo: Kit não identificado
2026-02-12 16:38:53,647 - WARNING - Não classificado: '8 ano - Reprodução.pdf' - Motivo: Kit não identificado
2026-02-12 16:38:53,647 - WARNING - Não classificado: '8 ano - Às margens do agir responsabilidade comunicativa e ativismo digital.pdf' - Motivo: Kit não identificado
2026-02-12 16:38:53,647 - WARNING - Não classificado: '9 ano - Atlas Geográfico.pdf' - Motivo: Kit não identificado
2026-02-12 16:38:53,647 - WARNING - Não classificado: '9 ano - Educação Física (1).pdf' - Motivo: Kit não identificado
2026-02-12 16:38:53,647 - WARNING - Não classificado: '9 ano - Educação Física (2).pdf' - Motivo: Kit não identificado
2026-02-12 16:38:53,648 - WARNING - Não classificado: '9 ano - Educação Física (3).pdf' - Motivo: Kit não identificado
2026-02-12 16:38:53,648 - WARNING - Não classificado: '9 ano - Educação Física (4).pdf' - Motivo: Kit não identificado
2026-02-12 16:38:53,648 - WARNING - Não classificado: '9 ano - Educação Física (5).pdf' - Motivo: Kit não identificado
2026-02-12 16:38:53,648 - WARNING - Não classificado: '9 ano - Educação Física (6).pdf' - Motivo: Kit não identificado
2026-02-12 16:38:53,648 - WARNING - Não classificado: '9 ano - Educação Física (7).pdf' - Motivo: Kit não identificado
2026-02-12 16:38:53,648 - WARNING - Não classificado: '9 ano - Educação Física.pdf' - Motivo: Kit não identificado
2026-02-12 16:38:53,649 - WARNING - Não classificado: '9 ano - Empreendedorismo e Finanças (1).pdf' - Motivo: Kit não identificado
2026-02-12 16:38:53,649 - WARNING - Não classificado: '9 ano - Empreendedorismo e Finanças.pdf' - Motivo: Kit não identificado
2026-02-12 16:38:53,649 - WARNING - Não classificado: '9 ano - Espanhol (1).pdf' - Motivo: Kit não identificado
2026-02-12 16:38:53,649 - WARNING - Não classificado: '9 ano - Espanhol (2).pdf' - Motivo: Kit não identificado
2026-02-12 16:38:53,649 - WARNING - Não classificado: '9 ano - Espanhol (3).pdf' - Motivo: Kit não identificado
2026-02-12 16:38:53,649 - WARNING - Não classificado: '9 ano - Espanhol.pdf' - Motivo: Kit não identificado
2026-02-12 16:38:53,650 - WARNING - Não classificado: '9 ano - Gêneros Leitura e Análise (1).pdf' - Motivo: Kit não identificado
2026-02-12 16:38:53,650 - WARNING - Não classificado: '9 ano - Gêneros Leitura e Análise (2).pdf' - Motivo: Kit não identificado
2026-02-12 16:38:53,650 - WARNING - Não classificado: '9 ano - Gêneros Leitura e Análise.pdf' - Motivo: Kit não identificado
2026-02-12 16:38:53,650 - WARNING - Não classificado: '9 ano - GênerosLeitura e Análise.pdf' - Motivo: Kit não identificado
2026-02-12 16:38:53,650 - WARNING - Não classificado: '9 ano - Labuta no Brasil do século XX - LP.pdf' - Motivo: Kit não identificado
2026-02-12 16:38:53,650 - WARNING - Não classificado: '9 ano - Manual de Experiências.pdf' - Motivo: Kit não identificado
2026-02-12 16:38:53,651 - WARNING - Não classificado: '9 ano - Para além das fábricas trabalho modelos econômicos e sociedade - LP.pdf' - Motivo: Kit não identificado
2026-02-12 16:38:53,651 - WARNING - Não classificado: '9 ano - Religião em diálogo (1).pdf' - Motivo: Kit não identificado
2026-02-12 16:38:53,651 - WARNING - Não classificado: '9 ano - Religião em diálogo (2).pdf' - Motivo: Kit não identificado
2026-02-12 16:38:53,651 - WARNING - Não classificado: '9 ano - Religião em diálogo (3).pdf' - Motivo: Kit não identificado
2026-02-12 16:38:53,651 - WARNING - Não classificado: '9 ano - Religião em diálogo (4).pdf' - Motivo: Kit não identificado
2026-02-12 16:38:53,652 - WARNING - Não classificado: '9 ano - Religião em diálogo.pdf' - Motivo: Kit não identificado
2026-02-12 16:38:53,652 - WARNING - Não classificado: '9 ano - Sem fronteiras faces de um mundo globalizado.pdf' - Motivo: Kit não identificado
2026-02-12 16:38:53,652 - WARNING - Não classificado: '9 ano - Às margens do sentir a mídia e a compreensão do outro.pdf' - Motivo: Kit não identificado
